INSTRUMENTATION_STATUS: class=takagi.ru.monica.ui.screens.SettingsSearchInstrumentedTest
INSTRUMENTATION_STATUS: current=1
INSTRUMENTATION_STATUS: id=AndroidJUnitRunner
INSTRUMENTATION_STATUS: numtests=6
INSTRUMENTATION_STATUS: stream=
takagi.ru.monica.ui.screens.SettingsSearchInstrumentedTest:
INSTRUMENTATION_STATUS: test=aliasSearchAndIconNavigationWorkInDarkNarrowLargeText
INSTRUMENTATION_STATUS_CODE: 1
INSTRUMENTATION_STATUS: class=takagi.ru.monica.ui.screens.SettingsSearchInstrumentedTest
INSTRUMENTATION_STATUS: current=1
INSTRUMENTATION_STATUS: id=AndroidJUnitRunner
INSTRUMENTATION_STATUS: numtests=6
INSTRUMENTATION_STATUS: stream=.
INSTRUMENTATION_STATUS: test=aliasSearchAndIconNavigationWorkInDarkNarrowLargeText
INSTRUMENTATION_STATUS_CODE: 0
INSTRUMENTATION_STATUS: class=takagi.ru.monica.ui.screens.SettingsSearchInstrumentedTest
INSTRUMENTATION_STATUS: current=2
INSTRUMENTATION_STATUS: id=AndroidJUnitRunner
INSTRUMENTATION_STATUS: numtests=6
INSTRUMENTATION_STATUS: stream=
INSTRUMENTATION_STATUS: test=destructiveResultOnlyLocatesTheOriginalEntry
INSTRUMENTATION_STATUS_CODE: 1
INSTRUMENTATION_STATUS: class=takagi.ru.monica.ui.screens.SettingsSearchInstrumentedTest
INSTRUMENTATION_STATUS: current=2
INSTRUMENTATION_STATUS: id=AndroidJUnitRunner
INSTRUMENTATION_STATUS: numtests=6
INSTRUMENTATION_STATUS: stream=.
INSTRUMENTATION_STATUS: test=destructiveResultOnlyLocatesTheOriginalEntry
INSTRUMENTATION_STATUS_CODE: 0
INSTRUMENTATION_STATUS: class=takagi.ru.monica.ui.screens.SettingsSearchInstrumentedTest
INSTRUMENTATION_STATUS: current=3
INSTRUMENTATION_STATUS: id=AndroidJUnitRunner
INSTRUMENTATION_STATUS: numtests=6
INSTRUMENTATION_STATUS: stream=
INSTRUMENTATION_STATUS: test=localizedCatalogContainsUniqueConcreteItemsAndEmptySearchHasNoControls
INSTRUMENTATION_STATUS_CODE: 1
INSTRUMENTATION_STATUS: class=takagi.ru.monica.ui.screens.SettingsSearchInstrumentedTest
INSTRUMENTATION_STATUS: current=3
INSTRUMENTATION_STATUS: id=AndroidJUnitRunner
INSTRUMENTATION_STATUS: numtests=6
INSTRUMENTATION_STATUS: stream=.
INSTRUMENTATION_STATUS: test=localizedCatalogContainsUniqueConcreteItemsAndEmptySearchHasNoControls
INSTRUMENTATION_STATUS_CODE: 0
INSTRUMENTATION_STATUS: class=takagi.ru.monica.ui.screens.SettingsSearchInstrumentedTest
INSTRUMENTATION_STATUS: current=4
INSTRUMENTATION_STATUS: id=AndroidJUnitRunner
INSTRUMENTATION_STATUS: numtests=6
INSTRUMENTATION_STATUS: stream=
INSTRUMENTATION_STATUS: test=everyIndexedSpecificSettingHasOneVisibleTargetOnItsRealPage
INSTRUMENTATION_STATUS_CODE: 1
INSTRUMENTATION_STATUS: class=takagi.ru.monica.ui.screens.SettingsSearchInstrumentedTest
INSTRUMENTATION_STATUS: current=4
INSTRUMENTATION_STATUS: id=AndroidJUnitRunner
INSTRUMENTATION_STATUS: numtests=6
INSTRUMENTATION_STATUS: stream=.
INSTRUMENTATION_STATUS: test=everyIndexedSpecificSettingHasOneVisibleTargetOnItsRealPage
INSTRUMENTATION_STATUS_CODE: 0
INSTRUMENTATION_STATUS: class=takagi.ru.monica.ui.screens.SettingsSearchInstrumentedTest
INSTRUMENTATION_STATUS: current=5
INSTRUMENTATION_STATUS: id=AndroidJUnitRunner
INSTRUMENTATION_STATUS: numtests=6
INSTRUMENTATION_STATUS: stream=
INSTRUMENTATION_STATUS: test=lazyPasswordFieldSettingsLocateTheRequestedField
INSTRUMENTATION_STATUS_CODE: 1
INSTRUMENTATION_STATUS: class=takagi.ru.monica.ui.screens.SettingsSearchInstrumentedTest
INSTRUMENTATION_STATUS: current=5
INSTRUMENTATION_STATUS: id=AndroidJUnitRunner
INSTRUMENTATION_STATUS: numtests=6
INSTRUMENTATION_STATUS: stream=.
INSTRUMENTATION_STATUS: test=lazyPasswordFieldSettingsLocateTheRequestedField
INSTRUMENTATION_STATUS_CODE: 0
INSTRUMENTATION_STATUS: class=takagi.ru.monica.ui.screens.SettingsSearchInstrumentedTest
INSTRUMENTATION_STATUS: current=6
INSTRUMENTATION_STATUS: id=AndroidJUnitRunner
INSTRUMENTATION_STATUS: numtests=6
INSTRUMENTATION_STATUS: stream=
INSTRUMENTATION_STATUS: test=keyboardResultNavigatesToSpecificRowWithoutTogglingAndReturnsToQuery
INSTRUMENTATION_STATUS_CODE: 1
INSTRUMENTATION_STATUS: class=takagi.ru.monica.ui.screens.SettingsSearchInstrumentedTest
INSTRUMENTATION_STATUS: current=6
INSTRUMENTATION_STATUS: id=AndroidJUnitRunner
INSTRUMENTATION_STATUS: numtests=6
INSTRUMENTATION_STATUS: stream=.
INSTRUMENTATION_STATUS: test=keyboardResultNavigatesToSpecificRowWithoutTogglingAndReturnsToQuery
INSTRUMENTATION_STATUS_CODE: 0
INSTRUMENTATION_RESULT: stream=

Time: 58.204

OK (6 tests)


INSTRUMENTATION_CODE: -1
