INSTRUMENTATION_STATUS: class=takagi.ru.monica.localization.SnowLeopardLanguageInstrumentedTest
INSTRUMENTATION_STATUS: current=1
INSTRUMENTATION_STATUS: id=AndroidJUnitRunner
INSTRUMENTATION_STATUS: numtests=16
INSTRUMENTATION_STATUS: stream=
takagi.ru.monica.localization.SnowLeopardLanguageInstrumentedTest:
INSTRUMENTATION_STATUS: test=switchingLanguageAndUpgradeRepairKeepOneWorkingLauncherEntry
INSTRUMENTATION_STATUS_CODE: 1
INSTRUMENTATION_STATUS: class=takagi.ru.monica.localization.SnowLeopardLanguageInstrumentedTest
INSTRUMENTATION_STATUS: current=1
INSTRUMENTATION_STATUS: id=AndroidJUnitRunner
INSTRUMENTATION_STATUS: numtests=16
INSTRUMENTATION_STATUS: stream=.
INSTRUMENTATION_STATUS: test=switchingLanguageAndUpgradeRepairKeepOneWorkingLauncherEntry
INSTRUMENTATION_STATUS_CODE: 0
INSTRUMENTATION_STATUS: class=takagi.ru.monica.localization.SnowLeopardLanguageInstrumentedTest
INSTRUMENTATION_STATUS: current=2
INSTRUMENTATION_STATUS: id=AndroidJUnitRunner
INSTRUMENTATION_STATUS: numtests=16
INSTRUMENTATION_STATUS: stream=
INSTRUMENTATION_STATUS: test=playfulTranslationsUseChineseFallbackAndKeepDestructiveWarningsClear
INSTRUMENTATION_STATUS_CODE: 1
INSTRUMENTATION_STATUS: class=takagi.ru.monica.localization.SnowLeopardLanguageInstrumentedTest
INSTRUMENTATION_STATUS: current=2
INSTRUMENTATION_STATUS: id=AndroidJUnitRunner
INSTRUMENTATION_STATUS: numtests=16
INSTRUMENTATION_STATUS: stream=.
INSTRUMENTATION_STATUS: test=playfulTranslationsUseChineseFallbackAndKeepDestructiveWarningsClear
INSTRUMENTATION_STATUS_CODE: 0
INSTRUMENTATION_STATUS: class=takagi.ru.monica.ui.screens.AppLauncherIconSettingsTest
INSTRUMENTATION_STATUS: current=3
INSTRUMENTATION_STATUS: id=AndroidJUnitRunner
INSTRUMENTATION_STATUS: numtests=16
INSTRUMENTATION_STATUS: stream=
takagi.ru.monica.ui.screens.AppLauncherIconSettingsTest:
INSTRUMENTATION_STATUS: test=labelsLanguagesAndUpgradeRepairRetainOneWorkingLauncher
INSTRUMENTATION_STATUS_CODE: 1
INSTRUMENTATION_STATUS: class=takagi.ru.monica.ui.screens.AppLauncherIconSettingsTest
INSTRUMENTATION_STATUS: current=3
INSTRUMENTATION_STATUS: id=AndroidJUnitRunner
INSTRUMENTATION_STATUS: numtests=16
INSTRUMENTATION_STATUS: stream=.
INSTRUMENTATION_STATUS: test=labelsLanguagesAndUpgradeRepairRetainOneWorkingLauncher
INSTRUMENTATION_STATUS_CODE: 0
INSTRUMENTATION_STATUS: class=takagi.ru.monica.ui.screens.AppLauncherIconSettingsTest
INSTRUMENTATION_STATUS: current=4
INSTRUMENTATION_STATUS: id=AndroidJUnitRunner
INSTRUMENTATION_STATUS: numtests=16
INSTRUMENTATION_STATUS: stream=
INSTRUMENTATION_STATUS: test=selectionWorksWithEntryIconsOffAndPersistsAndCanReturnToDefault
INSTRUMENTATION_STATUS_CODE: 1
INSTRUMENTATION_STATUS: class=takagi.ru.monica.ui.screens.AppLauncherIconSettingsTest
INSTRUMENTATION_STATUS: current=4
INSTRUMENTATION_STATUS: id=AndroidJUnitRunner
INSTRUMENTATION_STATUS: numtests=16
INSTRUMENTATION_STATUS: stream=.
INSTRUMENTATION_STATUS: test=selectionWorksWithEntryIconsOffAndPersistsAndCanReturnToDefault
INSTRUMENTATION_STATUS_CODE: 0
INSTRUMENTATION_STATUS: class=takagi.ru.monica.ui.screens.AppLauncherIconSettingsTest
INSTRUMENTATION_STATUS: current=5
INSTRUMENTATION_STATUS: id=AndroidJUnitRunner
INSTRUMENTATION_STATUS: numtests=16
INSTRUMENTATION_STATUS: stream=
INSTRUMENTATION_STATUS: test=pageSettingsRoundTripPreservesIconAndUnknownValuesFallBack
INSTRUMENTATION_STATUS_CODE: 1
INSTRUMENTATION_STATUS: class=takagi.ru.monica.ui.screens.AppLauncherIconSettingsTest
INSTRUMENTATION_STATUS: current=5
INSTRUMENTATION_STATUS: id=AndroidJUnitRunner
INSTRUMENTATION_STATUS: numtests=16
INSTRUMENTATION_STATUS: stream=.
INSTRUMENTATION_STATUS: test=pageSettingsRoundTripPreservesIconAndUnknownValuesFallBack
INSTRUMENTATION_STATUS_CODE: 0
INSTRUMENTATION_STATUS: class=takagi.ru.monica.ui.screens.AppLauncherIconSettingsTest
INSTRUMENTATION_STATUS: current=6
INSTRUMENTATION_STATUS: id=AndroidJUnitRunner
INSTRUMENTATION_STATUS: numtests=16
INSTRUMENTATION_STATUS: stream=
INSTRUMENTATION_STATUS: test=darkNarrowLargeTextKeepsBothChoicesReachable
INSTRUMENTATION_STATUS_CODE: 1
INSTRUMENTATION_STATUS: class=takagi.ru.monica.ui.screens.AppLauncherIconSettingsTest
INSTRUMENTATION_STATUS: current=6
INSTRUMENTATION_STATUS: id=AndroidJUnitRunner
INSTRUMENTATION_STATUS: numtests=16
INSTRUMENTATION_STATUS: stream=.
INSTRUMENTATION_STATUS: test=darkNarrowLargeTextKeepsBothChoicesReachable
INSTRUMENTATION_STATUS_CODE: 0
INSTRUMENTATION_STATUS: class=takagi.ru.monica.ui.screens.AppLauncherIconRestartTest
INSTRUMENTATION_STATUS: current=7
INSTRUMENTATION_STATUS: id=AndroidJUnitRunner
INSTRUMENTATION_STATUS: numtests=16
INSTRUMENTATION_STATUS: stream=
takagi.ru.monica.ui.screens.AppLauncherIconRestartTest:
INSTRUMENTATION_STATUS: test=iconSelectionSurvivesRestart
INSTRUMENTATION_STATUS_CODE: 1
INSTRUMENTATION_STATUS: class=takagi.ru.monica.ui.screens.AppLauncherIconRestartTest
INSTRUMENTATION_STATUS: current=7
INSTRUMENTATION_STATUS: id=AndroidJUnitRunner
INSTRUMENTATION_STATUS: numtests=16
INSTRUMENTATION_STATUS: stream=.
INSTRUMENTATION_STATUS: test=iconSelectionSurvivesRestart
INSTRUMENTATION_STATUS_CODE: 0
INSTRUMENTATION_STATUS: class=takagi.ru.monica.ui.screens.SettingsSearchInstrumentedTest
INSTRUMENTATION_STATUS: current=8
INSTRUMENTATION_STATUS: id=AndroidJUnitRunner
INSTRUMENTATION_STATUS: numtests=16
INSTRUMENTATION_STATUS: stream=
takagi.ru.monica.ui.screens.SettingsSearchInstrumentedTest:
INSTRUMENTATION_STATUS: test=aliasSearchAndIconNavigationWorkInDarkNarrowLargeText
INSTRUMENTATION_STATUS_CODE: 1
INSTRUMENTATION_STATUS: class=takagi.ru.monica.ui.screens.SettingsSearchInstrumentedTest
INSTRUMENTATION_STATUS: current=8
INSTRUMENTATION_STATUS: id=AndroidJUnitRunner
INSTRUMENTATION_STATUS: numtests=16
INSTRUMENTATION_STATUS: stream=.
INSTRUMENTATION_STATUS: test=aliasSearchAndIconNavigationWorkInDarkNarrowLargeText
INSTRUMENTATION_STATUS_CODE: 0
INSTRUMENTATION_STATUS: class=takagi.ru.monica.ui.screens.SettingsSearchInstrumentedTest
INSTRUMENTATION_STATUS: current=9
INSTRUMENTATION_STATUS: id=AndroidJUnitRunner
INSTRUMENTATION_STATUS: numtests=16
INSTRUMENTATION_STATUS: stream=
INSTRUMENTATION_STATUS: test=backClosesSearchBeforeDelegatingToTheParentPage
INSTRUMENTATION_STATUS_CODE: 1
INSTRUMENTATION_STATUS: class=takagi.ru.monica.ui.screens.SettingsSearchInstrumentedTest
INSTRUMENTATION_STATUS: current=9
INSTRUMENTATION_STATUS: id=AndroidJUnitRunner
INSTRUMENTATION_STATUS: numtests=16
INSTRUMENTATION_STATUS: stream=.
INSTRUMENTATION_STATUS: test=backClosesSearchBeforeDelegatingToTheParentPage
INSTRUMENTATION_STATUS_CODE: 0
INSTRUMENTATION_STATUS: class=takagi.ru.monica.ui.screens.SettingsSearchInstrumentedTest
INSTRUMENTATION_STATUS: current=10
INSTRUMENTATION_STATUS: id=AndroidJUnitRunner
INSTRUMENTATION_STATUS: numtests=16
INSTRUMENTATION_STATUS: stream=
INSTRUMENTATION_STATUS: test=destructiveResultOnlyLocatesTheOriginalEntry
INSTRUMENTATION_STATUS_CODE: 1
INSTRUMENTATION_STATUS: class=takagi.ru.monica.ui.screens.SettingsSearchInstrumentedTest
INSTRUMENTATION_STATUS: current=10
INSTRUMENTATION_STATUS: id=AndroidJUnitRunner
INSTRUMENTATION_STATUS: numtests=16
INSTRUMENTATION_STATUS: stream=.
INSTRUMENTATION_STATUS: test=destructiveResultOnlyLocatesTheOriginalEntry
INSTRUMENTATION_STATUS_CODE: 0
INSTRUMENTATION_STATUS: class=takagi.ru.monica.ui.screens.SettingsSearchInstrumentedTest
INSTRUMENTATION_STATUS: current=11
INSTRUMENTATION_STATUS: id=AndroidJUnitRunner
INSTRUMENTATION_STATUS: numtests=16
INSTRUMENTATION_STATUS: stream=
INSTRUMENTATION_STATUS: test=localizedCatalogContainsUniqueConcreteItemsAndEmptySearchHasNoControls
INSTRUMENTATION_STATUS_CODE: 1
INSTRUMENTATION_STATUS: class=takagi.ru.monica.ui.screens.SettingsSearchInstrumentedTest
INSTRUMENTATION_STATUS: current=11
INSTRUMENTATION_STATUS: id=AndroidJUnitRunner
INSTRUMENTATION_STATUS: numtests=16
INSTRUMENTATION_STATUS: stream=.
INSTRUMENTATION_STATUS: test=localizedCatalogContainsUniqueConcreteItemsAndEmptySearchHasNoControls
INSTRUMENTATION_STATUS_CODE: 0
INSTRUMENTATION_STATUS: class=takagi.ru.monica.ui.screens.SettingsSearchInstrumentedTest
INSTRUMENTATION_STATUS: current=12
INSTRUMENTATION_STATUS: id=AndroidJUnitRunner
INSTRUMENTATION_STATUS: numtests=16
INSTRUMENTATION_STATUS: stream=
INSTRUMENTATION_STATUS: test=everyIndexedSpecificSettingHasOneVisibleTargetOnItsRealPage
INSTRUMENTATION_STATUS_CODE: 1
INSTRUMENTATION_STATUS: class=takagi.ru.monica.ui.screens.SettingsSearchInstrumentedTest
INSTRUMENTATION_STATUS: current=12
INSTRUMENTATION_STATUS: id=AndroidJUnitRunner
INSTRUMENTATION_STATUS: numtests=16
INSTRUMENTATION_STATUS: stream=.
INSTRUMENTATION_STATUS: test=everyIndexedSpecificSettingHasOneVisibleTargetOnItsRealPage
INSTRUMENTATION_STATUS_CODE: 0
INSTRUMENTATION_STATUS: class=takagi.ru.monica.ui.screens.SettingsSearchInstrumentedTest
INSTRUMENTATION_STATUS: current=13
INSTRUMENTATION_STATUS: id=AndroidJUnitRunner
INSTRUMENTATION_STATUS: numtests=16
INSTRUMENTATION_STATUS: stream=
INSTRUMENTATION_STATUS: test=searchBackArrowRemainsReachableInDarkNarrowLargeText
INSTRUMENTATION_STATUS_CODE: 1
INSTRUMENTATION_STATUS: class=takagi.ru.monica.ui.screens.SettingsSearchInstrumentedTest
INSTRUMENTATION_STATUS: current=13
INSTRUMENTATION_STATUS: id=AndroidJUnitRunner
INSTRUMENTATION_STATUS: numtests=16
INSTRUMENTATION_STATUS: stream=.
INSTRUMENTATION_STATUS: test=searchBackArrowRemainsReachableInDarkNarrowLargeText
INSTRUMENTATION_STATUS_CODE: 0
INSTRUMENTATION_STATUS: class=takagi.ru.monica.ui.screens.SettingsSearchInstrumentedTest
INSTRUMENTATION_STATUS: current=14
INSTRUMENTATION_STATUS: id=AndroidJUnitRunner
INSTRUMENTATION_STATUS: numtests=16
INSTRUMENTATION_STATUS: stream=
INSTRUMENTATION_STATUS: test=emptyFocusedSearchAndWhitespaceCanBeClosedWithoutLeavingSettings
INSTRUMENTATION_STATUS_CODE: 1
INSTRUMENTATION_STATUS: class=takagi.ru.monica.ui.screens.SettingsSearchInstrumentedTest
INSTRUMENTATION_STATUS: current=14
INSTRUMENTATION_STATUS: id=AndroidJUnitRunner
INSTRUMENTATION_STATUS: numtests=16
INSTRUMENTATION_STATUS: stream=.
INSTRUMENTATION_STATUS: test=emptyFocusedSearchAndWhitespaceCanBeClosedWithoutLeavingSettings
INSTRUMENTATION_STATUS_CODE: 0
INSTRUMENTATION_STATUS: class=takagi.ru.monica.ui.screens.SettingsSearchInstrumentedTest
INSTRUMENTATION_STATUS: current=15
INSTRUMENTATION_STATUS: id=AndroidJUnitRunner
INSTRUMENTATION_STATUS: numtests=16
INSTRUMENTATION_STATUS: stream=
INSTRUMENTATION_STATUS: test=lazyPasswordFieldSettingsLocateTheRequestedField
INSTRUMENTATION_STATUS_CODE: 1
INSTRUMENTATION_STATUS: class=takagi.ru.monica.ui.screens.SettingsSearchInstrumentedTest
INSTRUMENTATION_STATUS: current=15
INSTRUMENTATION_STATUS: id=AndroidJUnitRunner
INSTRUMENTATION_STATUS: numtests=16
INSTRUMENTATION_STATUS: stream=.
INSTRUMENTATION_STATUS: test=lazyPasswordFieldSettingsLocateTheRequestedField
INSTRUMENTATION_STATUS_CODE: 0
INSTRUMENTATION_STATUS: class=takagi.ru.monica.ui.screens.SettingsSearchInstrumentedTest
INSTRUMENTATION_STATUS: current=16
INSTRUMENTATION_STATUS: id=AndroidJUnitRunner
INSTRUMENTATION_STATUS: numtests=16
INSTRUMENTATION_STATUS: stream=
INSTRUMENTATION_STATUS: test=keyboardResultNavigatesToSpecificRowWithoutTogglingAndReturnsToQuery
INSTRUMENTATION_STATUS_CODE: 1
INSTRUMENTATION_STATUS: class=takagi.ru.monica.ui.screens.SettingsSearchInstrumentedTest
INSTRUMENTATION_STATUS: current=16
INSTRUMENTATION_STATUS: id=AndroidJUnitRunner
INSTRUMENTATION_STATUS: numtests=16
INSTRUMENTATION_STATUS: stream=.
INSTRUMENTATION_STATUS: test=keyboardResultNavigatesToSpecificRowWithoutTogglingAndReturnsToQuery
INSTRUMENTATION_STATUS_CODE: 0
INSTRUMENTATION_RESULT: stream=
Time: 58.69
OK (16 tests)
INSTRUMENTATION_CODE: -1
