
INSTRUMENTATION_STATUS: class=takagi.ru.monica.ui.vaultv2.VaultOverviewPaneTest
INSTRUMENTATION_STATUS: current=1
INSTRUMENTATION_STATUS: id=AndroidJUnitRunner
INSTRUMENTATION_STATUS: numtests=1
INSTRUMENTATION_STATUS: stream=
takagi.ru.monica.ui.vaultv2.VaultOverviewPaneTest:
INSTRUMENTATION_STATUS: test=upgradedVaultwardenOnlyAccountShowsPasswordsAndSearchResults
INSTRUMENTATION_STATUS_CODE: 1
s_glBindAttribLocation: bind attrib 0 name position
s_glBindAttribLocation: bind attrib 1 name localCoord
INSTRUMENTATION_STATUS: class=takagi.ru.monica.ui.vaultv2.VaultOverviewPaneTest
INSTRUMENTATION_STATUS: current=1
INSTRUMENTATION_STATUS: id=AndroidJUnitRunner
INSTRUMENTATION_STATUS: numtests=1
INSTRUMENTATION_STATUS: stream=.
INSTRUMENTATION_STATUS: test=upgradedVaultwardenOnlyAccountShowsPasswordsAndSearchResults
INSTRUMENTATION_STATUS_CODE: 0
INSTRUMENTATION_RESULT: stream=

Time: 9.412

OK (1 test)


INSTRUMENTATION_CODE: -1
INSTRUMENTATION_STATUS: class=takagi.ru.monica.ui.vaultv2.VaultOverviewPaneTest
INSTRUMENTATION_STATUS: current=1
INSTRUMENTATION_STATUS: id=AndroidJUnitRunner
INSTRUMENTATION_STATUS: numtests=1
INSTRUMENTATION_STATUS: stream=
takagi.ru.monica.ui.vaultv2.VaultOverviewPaneTest:
INSTRUMENTATION_STATUS: test=explicitLocalScopeReproducesFeedbackAndSelectingAllRestoresPasswords
INSTRUMENTATION_STATUS_CODE: 1
s_glBindAttribLocation: bind attrib 0 name position
s_glBindAttribLocation: bind attrib 1 name localCoord
INSTRUMENTATION_STATUS: class=takagi.ru.monica.ui.vaultv2.VaultOverviewPaneTest
INSTRUMENTATION_STATUS: current=1
INSTRUMENTATION_STATUS: id=AndroidJUnitRunner
INSTRUMENTATION_STATUS: numtests=1
INSTRUMENTATION_STATUS: stream=.
INSTRUMENTATION_STATUS: test=explicitLocalScopeReproducesFeedbackAndSelectingAllRestoresPasswords
INSTRUMENTATION_STATUS_CODE: 0
INSTRUMENTATION_RESULT: stream=

Time: 7.175

OK (1 test)


INSTRUMENTATION_CODE: -1
INSTRUMENTATION_STATUS: class=takagi.ru.monica.ui.vaultv2.VaultOverviewPaneTest
INSTRUMENTATION_STATUS: current=1
INSTRUMENTATION_STATUS: id=AndroidJUnitRunner
INSTRUMENTATION_STATUS: numtests=1
INSTRUMENTATION_STATUS: stream=
takagi.ru.monica.ui.vaultv2.VaultOverviewPaneTest:
INSTRUMENTATION_STATUS: test=typeNavigationUsesTheRealListAndBackRestoresTheOverview
INSTRUMENTATION_STATUS_CODE: 1
INSTRUMENTATION_STATUS: class=takagi.ru.monica.ui.vaultv2.VaultOverviewPaneTest
INSTRUMENTATION_STATUS: current=1
INSTRUMENTATION_STATUS: id=AndroidJUnitRunner
INSTRUMENTATION_STATUS: numtests=1
INSTRUMENTATION_STATUS: stream=.
INSTRUMENTATION_STATUS: test=typeNavigationUsesTheRealListAndBackRestoresTheOverview
INSTRUMENTATION_STATUS_CODE: 0
INSTRUMENTATION_RESULT: stream=

Time: 4.497

OK (1 test)


INSTRUMENTATION_CODE: -1
INSTRUMENTATION_STATUS: class=takagi.ru.monica.ui.vaultv2.VaultOverviewPaneTest
INSTRUMENTATION_STATUS: current=1
INSTRUMENTATION_STATUS: id=AndroidJUnitRunner
INSTRUMENTATION_STATUS: numtests=1
INSTRUMENTATION_STATUS: stream=
takagi.ru.monica.ui.vaultv2.VaultOverviewPaneTest:
INSTRUMENTATION_STATUS: test=bitwardenOverviewNavigationUsesTheClassicList
INSTRUMENTATION_STATUS_CODE: 1
INSTRUMENTATION_STATUS: class=takagi.ru.monica.ui.vaultv2.VaultOverviewPaneTest
INSTRUMENTATION_STATUS: current=1
INSTRUMENTATION_STATUS: id=AndroidJUnitRunner
INSTRUMENTATION_STATUS: numtests=1
INSTRUMENTATION_STATUS: stream=.
INSTRUMENTATION_STATUS: test=bitwardenOverviewNavigationUsesTheClassicList
INSTRUMENTATION_STATUS_CODE: 0
INSTRUMENTATION_RESULT: stream=

Time: 6.493

OK (1 test)


INSTRUMENTATION_CODE: -1
INSTRUMENTATION_STATUS: class=takagi.ru.monica.ui.vaultv2.VaultOverviewPaneTest
INSTRUMENTATION_STATUS: current=1
INSTRUMENTATION_STATUS: id=AndroidJUnitRunner
INSTRUMENTATION_STATUS: numtests=1
INSTRUMENTATION_STATUS: stream=
takagi.ru.monica.ui.vaultv2.VaultOverviewPaneTest:
INSTRUMENTATION_STATUS: test=bitwardenOverviewNavigationUsesTheHierarchicalList
INSTRUMENTATION_STATUS_CODE: 1
INSTRUMENTATION_STATUS: class=takagi.ru.monica.ui.vaultv2.VaultOverviewPaneTest
INSTRUMENTATION_STATUS: current=1
INSTRUMENTATION_STATUS: id=AndroidJUnitRunner
INSTRUMENTATION_STATUS: numtests=1
INSTRUMENTATION_STATUS: stream=.
INSTRUMENTATION_STATUS: test=bitwardenOverviewNavigationUsesTheHierarchicalList
INSTRUMENTATION_STATUS_CODE: 0
INSTRUMENTATION_RESULT: stream=

Time: 6.933

OK (1 test)


INSTRUMENTATION_CODE: -1
INSTRUMENTATION_STATUS: class=takagi.ru.monica.ui.vaultv2.VaultOverviewPaneTest
INSTRUMENTATION_STATUS: current=1
INSTRUMENTATION_STATUS: id=AndroidJUnitRunner
INSTRUMENTATION_STATUS: numtests=1
INSTRUMENTATION_STATUS: stream=
takagi.ru.monica.ui.vaultv2.VaultOverviewPaneTest:
INSTRUMENTATION_STATUS: test=sharedTopBarSearchKeepsResultsAfterImeActionAndRestoresTheOverview
INSTRUMENTATION_STATUS_CODE: 1
INSTRUMENTATION_STATUS: class=takagi.ru.monica.ui.vaultv2.VaultOverviewPaneTest
INSTRUMENTATION_STATUS: current=1
INSTRUMENTATION_STATUS: id=AndroidJUnitRunner
INSTRUMENTATION_STATUS: numtests=1
INSTRUMENTATION_STATUS: stream=.
INSTRUMENTATION_STATUS: test=sharedTopBarSearchKeepsResultsAfterImeActionAndRestoresTheOverview
INSTRUMENTATION_STATUS_CODE: 0
INSTRUMENTATION_RESULT: stream=

Time: 4.695

OK (1 test)


INSTRUMENTATION_CODE: -1
INSTRUMENTATION_STATUS: class=takagi.ru.monica.ui.vaultv2.VaultOverviewPaneTest
INSTRUMENTATION_STATUS: current=1
INSTRUMENTATION_STATUS: id=AndroidJUnitRunner
INSTRUMENTATION_STATUS: numtests=1
INSTRUMENTATION_STATUS: stream=
takagi.ru.monica.ui.vaultv2.VaultOverviewPaneTest:
INSTRUMENTATION_STATUS: test=disablingOverviewRestoresSavedClassicScopeAndContent
INSTRUMENTATION_STATUS_CODE: 1
INSTRUMENTATION_STATUS: class=takagi.ru.monica.ui.vaultv2.VaultOverviewPaneTest
INSTRUMENTATION_STATUS: current=1
INSTRUMENTATION_STATUS: id=AndroidJUnitRunner
INSTRUMENTATION_STATUS: numtests=1
INSTRUMENTATION_STATUS: stream=.
INSTRUMENTATION_STATUS: test=disablingOverviewRestoresSavedClassicScopeAndContent
INSTRUMENTATION_STATUS_CODE: 0
INSTRUMENTATION_RESULT: stream=

Time: 4.292

OK (1 test)


INSTRUMENTATION_CODE: -1
